// Jest Snapshot v1, https://goo.gl/fbAQLP

exports[`<Inventry /> unit test should match the snapshot 1`] = `"<div class=\\"Inventry\\" data-test=\\"component-Inventry\\"><div class=\\"row\\"><div class=\\"col-md-3\\"><label for=\\"name\\"><strong>Product Name</strong></label></div><div class=\\"col-md-8\\"><input type=\\"text\\" class=\\"inputField\\" placeholder=\\"Product Name\\" id=\\"name\\" name=\\"name\\" value=\\"\\"></div></div><div class=\\"row\\"><div class=\\"col-md-3\\"><label for=\\"description\\"><strong>Product Description</strong></label></div><div class=\\"col-md-8\\"><input type=\\"text\\" class=\\"inputField\\" placeholder=\\"Product Description\\" id=\\"description\\" name=\\"description\\" value=\\"\\"></div></div><div class=\\"row\\"><div class=\\"col-md-3\\"><label for=\\"price\\"><strong>Product Price</strong></label></div><div class=\\"col-md-8\\"><input type=\\"text\\" class=\\"inputField\\" placeholder=\\"Product Price\\" id=\\"price\\" name=\\"price\\" value=\\"\\"></div></div><div class=\\"row\\"><div class=\\"col-md-3\\"><label for=\\"category\\"><strong>Product Category</strong></label></div><div class=\\"col-md-8\\"><input type=\\"text\\" class=\\"inputField\\" placeholder=\\"Product Category\\" id=\\"category\\" name=\\"category\\" value=\\"\\"></div></div><div class=\\"row\\"><div class=\\"col-md-3\\"><label for=\\"image\\"><strong>Product Image</strong></label></div><div class=\\"col-md-4\\"><input type=\\"file\\"></div></div><div class=\\"row\\"><div class=\\"offset-md-9\\"><button class=\\"btn btn-primary\\">Add Product</button></div></div></div>"`;
