// Jest Snapshot v1, https://goo.gl/fbAQLP

exports[`<Login /> unit test should match the snapshot 1`] = `"<div class=\\"login__container\\"><h1 class=\\"text-center\\">Sign-in</h1><form class=\\"form__alingment\\"><div class=\\"form-group\\"><input type=\\"email\\" class=\\"form-control\\" id=\\"email\\" placeholder=\\"Enter email\\" value=\\"\\"></div><div class=\\"form-group\\"><input type=\\"password\\" class=\\"form-control\\" id=\\"password\\" placeholder=\\"Password\\" value=\\"\\"></div><div class=\\"text-center\\"><button type=\\"submit\\" class=\\"login__signInButton\\">Sign In</button><button class=\\"custom-button\\">Switch to sign up</button></div></form></div>"`;
