// Jest Snapshot v1, https://goo.gl/fbAQLP

exports[`<App /> unit test should match the snapshot 1`] = `"<div class=\\"app\\"><div class=\\"header-main\\"><div><a href=\\"/showProducts\\"><img class=\\"header__logo\\" src=\\"logo.png\\"></a></div><div class=\\"header__search\\"><input class=\\"header__searchInput\\" type=\\"text\\" name=\\"search\\" value=\\"\\"><svg class=\\"MuiSvgIcon-root header__searchIcon\\" focusable=\\"false\\" viewBox=\\"0 0 24 24\\" aria-hidden=\\"true\\"><path d=\\"M15.5 14h-.79l-.28-.27C15.41 12.59 16 11.11 16 9.5 16 5.91 13.09 3 9.5 3S3 5.91 3 9.5 5.91 16 9.5 16c1.61 0 3.09-.59 4.23-1.57l.27.28v.79l5 4.99L20.49 19l-4.99-5zm-6 0C7.01 14 5 11.99 5 9.5S7.01 5 9.5 5 14 7.01 14 9.5 11.99 14 9.5 14z\\"></path></svg></div><div class=\\"header__nav\\"><a class=\\"no-decoration\\" href=\\"/login\\"><div class=\\"header__option\\"><span class=\\"header__optionLineOne\\">Hello Guest</span><span class=\\"header__optionLineTwo\\">Sign In</span></div></a><a class=\\"no-decoration\\" href=\\"/showProducts\\"><div class=\\"header__option\\"><span class=\\"header__optionLineOne\\">Your</span><span class=\\"header__optionLineTwo\\">Products</span></div></a></div></div><div class=\\"login__container\\"><h1 class=\\"text-center\\">Sign-in</h1><form class=\\"form__alingment\\"><div class=\\"form-group\\"><input type=\\"email\\" class=\\"form-control\\" id=\\"email\\" placeholder=\\"Enter email\\" value=\\"\\"></div><div class=\\"form-group\\"><input type=\\"password\\" class=\\"form-control\\" id=\\"password\\" placeholder=\\"Password\\" value=\\"\\"></div><div class=\\"text-center\\"><button type=\\"submit\\" class=\\"login__signInButton\\">Sign In</button><button class=\\"custom-button\\">Switch to sign up</button></div></form></div></div>"`;
